TAP version 13
# (node:24) DeprecationWarning: Calling client.query() when the client is already executing a query is deprecated and will be removed in pg@9.0. Use async/await or an external async flow control mechanism instead.
# (Use `node --trace-deprecation ...` to show where the warning was created)
# Subtest: product Deal lifecycle creates an identity-complete Deal atomically with a reserved slot and guide checkpoint
ok 1 - product Deal lifecycle creates an identity-complete Deal atomically with a reserved slot and guide checkpoint
  ---
  duration_ms: 308.428796
  type: 'test'
  ...
# Subtest: product Deal lifecycle preflight returns blocked and recovers after source replacement and narrowed use
ok 2 - product Deal lifecycle preflight returns blocked and recovers after source replacement and narrowed use
  ---
  duration_ms: 177.105991
  type: 'test'
  ...
# Subtest: product Deal lifecycle enforces two-slot capacity under concurrent creates and keeps cross-Deal reads non-enumerating
ok 3 - product Deal lifecycle enforces two-slot capacity under concurrent creates and keeps cross-Deal reads non-enumerating
  ---
  duration_ms: 167.632129
  type: 'test'
  ...
# Subtest: product Deal lifecycle exposes limited-proceed acceptance and blocks restricted AI before egress
ok 4 - product Deal lifecycle exposes limited-proceed acceptance and blocks restricted AI before egress
  ---
  duration_ms: 202.873623
  type: 'test'
  ...
# Subtest: product Deal lifecycle creates a linked Deal for identity change and preserves the original
ok 5 - product Deal lifecycle creates a linked Deal for identity change and preserves the original
  ---
  duration_ms: 158.073414
  type: 'test'
  ...
1..5
# tests 5
# suites 0
# pass 5
# fail 0
# cancelled 0
# skipped 0
# todo 0
# duration_ms 1792.38319
