TAP version 13
# Subtest: Stripe checkout session evidence accepts nullable subscription fields
ok 1 - Stripe checkout session evidence accepts nullable subscription fields
  ---
  duration_ms: 2.805759
  type: 'test'
  ...
# Subtest: StripeCheckoutAdapter creates a subscription Checkout Session with the confirmed price and metadata
ok 2 - StripeCheckoutAdapter creates a subscription Checkout Session with the confirmed price and metadata
  ---
  duration_ms: 1.07646
  type: 'test'
  ...
# Subtest: Commerce exposes one public offer and non-confidential qualification result
ok 3 - Commerce exposes one public offer and non-confidential qualification result
  ---
  duration_ms: 220.148365
  type: 'test'
  ...
# Subtest: Commerce reconciles a monthly purchase exactly once and keeps provider status non-authoritative
ok 4 - Commerce reconciles a monthly purchase exactly once and keeps provider status non-authoritative
  ---
  duration_ms: 203.831757
  type: 'test'
  ...
# Subtest: Commerce keeps annual pricing, invalid signatures, ambiguous events, and persistence failures fail closed
ok 5 - Commerce keeps annual pricing, invalid signatures, ambiguous events, and persistence failures fail closed
  ---
  duration_ms: 230.361876
  type: 'test'
  ...
# Subtest: Commerce applies an explicit add-on only to its product-owned capacity ledger
ok 6 - Commerce applies an explicit add-on only to its product-owned capacity ledger
  ---
  duration_ms: 181.937989
  type: 'test'
  ...
1..6
# tests 6
# suites 0
# pass 6
# fail 0
# cancelled 0
# skipped 0
# todo 0
# duration_ms 1654.028877
